<!DOCTYPE html>
<html>
<head>
  <title>Site 1</title>
</head>
<body>
  <div class="content">
    #2
  </div>
</body>
</html>